165.230.225.244 - - [27/Mar/2017:16:31:50 -0400] "POST /route/forecastIndex.php HTTP/1.1" 200 28621 onwardtraffic.com "http://onwardtraffic.com/route/forecastIndex.php" "Mozilla/5.0 (Windows NT 6.3; WOW64) AppleWebKit/537.36 (KHTML, like Gecko) Chrome/56.0.2924.87 Safari/537.36" "-"
165.230.225.244 - - [27/Mar/2017:16:32:01 -0400] "POST /route/forecastIndex.php HTTP/1.1" 200 28621 onwardtraffic.com "http://onwardtraffic.com/route/forecastIndex.php" "Mozilla/5.0 (Windows NT 6.3; WOW64) AppleWebKit/537.36 (KHTML, like Gecko) Chrome/56.0.2924.87 Safari/537.36" "-"
165.230.225.244 - - [27/Mar/2017:16:32:46 -0400] "GET /route/ HTTP/1.1" 200 23468 onwardtraffic.com "http://onwardtraffic.com/route/forecastIndex.php" "Mozilla/5.0 (Windows NT 6.3; WOW64) AppleWebKit/537.36 (KHTML, like Gecko) Chrome/56.0.2924.87 Safari/537.36" "-"
165.230.225.244 - - [27/Mar/2017:16:32:49 -0400] "GET /route/forecastIndex.php HTTP/1.1" 200 26225 onwardtraffic.com "http://onwardtraffic.com/route/" "Mozilla/5.0 (Windows NT 6.3; WOW64) AppleWebKit/537.36 (KHTML, like Gecko) Chrome/56.0.2924.87 Safari/537.36" "-"
165.230.225.244 - - [27/Mar/2017:16:33:02 -0400] "POST /route/forecastIndex.php HTTP/1.1" 200 26365 onwardtraffic.com "http://onwardtraffic.com/route/forecastIndex.php" "Mozilla/5.0 (Windows NT 6.3; WOW64) AppleWebKit/537.36 (KHTML, like Gecko) Chrome/56.0.2924.87 Safari/537.36" "-"
165.230.225.244 - - [27/Mar/2017:16:34:13 -0400] "GET /route/ HTTP/1.1" 200 23468 onwardtraffic.com "http://onwardtraffic.com/route/forecastIndex.php" "Mozilla/5.0 (Windows NT 6.3; WOW64) AppleWebKit/537.36 (KHTML, like Gecko) Chrome/56.0.2924.87 Safari/537.36" "-"
165.230.225.244 - - [27/Mar/2017:16:34:16 -0400] "GET /route/ HTTP/1.1" 200 23468 onwardtraffic.com "http://onwardtraffic.com/route/" "Mozilla/5.0 (Windows NT 6.3; WOW64) AppleWebKit/537.36 (KHTML, like Gecko) Chrome/56.0.2924.87 Safari/537.36" "-"
165.230.225.244 - - [27/Mar/2017:16:34:38 -0400] "POST /route/ HTTP/1.1" 200 26028 onwardtraffic.com "http://onwardtraffic.com/route/" "Mozilla/5.0 (Windows NT 6.3; WOW64) AppleWebKit/537.36 (KHTML, like Gecko) Chrome/56.0.2924.87 Safari/537.36" "-"
165.230.225.244 - - [27/Mar/2017:16:35:06 -0400] "POST /route/ HTTP/1.1" 200 26028 onwardtraffic.com "http://onwardtraffic.com/route/" "Mozilla/5.0 (Windows NT 6.3; WOW64) AppleWebKit/537.36 (KHTML, like Gecko) Chrome/56.0.2924.87 Safari/537.36" "-"
165.230.225.244 - - [27/Mar/2017:16:35:19 -0400] "POST /route/ HTTP/1.1" 200 26028 onwardtraffic.com "http://onwardtraffic.com/route/" "Mozilla/5.0 (Windows NT 6.3; WOW64) AppleWebKit/537.36 (KHTML, like Gecko) Chrome/56.0.2924.87 Safari/537.36" "-"
165.230.225.244 - - [27/Mar/2017:16:35:29 -0400] "POST /route/ HTTP/1.1" 200 26028 onwardtraffic.com "http://onwardtraffic.com/route/" "Mozilla/5.0 (Windows NT 6.3; WOW64) AppleWebKit/537.36 (KHTML, like Gecko) Chrome/56.0.2924.87 Safari/537.36" "-"
165.230.225.244 - - [27/Mar/2017:16:35:42 -0400] "GET /route/forecastIndex.php HTTP/1.1" 200 26225 onwardtraffic.com "http://onwardtraffic.com/route/" "Mozilla/5.0 (Windows NT 6.3; WOW64) AppleWebKit/537.36 (KHTML, like Gecko) Chrome/56.0.2924.87 Safari/537.36" "-"
165.230.225.244 - - [27/Mar/2017:16:36:12 -0400] "POST /route/forecastIndex.php HTTP/1.1" 200 28766 onwardtraffic.com "http://onwardtraffic.com/route/forecastIndex.php" "Mozilla/5.0 (Windows NT 6.3; WOW64) AppleWebKit/537.36 (KHTML, like Gecko) Chrome/56.0.2924.87 Safari/537.36" "-"
165.230.225.244 - - [27/Mar/2017:16:36:20 -0400] "GET /img/favicon.png HTTP/1.1" 200 179733 onwardtraffic.com "http://onwardtraffic.com/route/forecastIndex.php" "Mozilla/5.0 (Windows NT 6.3; WOW64) AppleWebKit/537.36 (KHTML, like Gecko) Chrome/56.0.2924.87 Safari/537.36" "-"
165.230.225.244 - - [27/Mar/2017:16:36:55 -0400] "POST /route/forecastIndex.php HTTP/1.1" 200 28775 onwardtraffic.com "http://onwardtraffic.com/route/forecastIndex.php" "Mozilla/5.0 (Windows NT 6.3; WOW64) AppleWebKit/537.36 (KHTML, like Gecko) Chrome/56.0.2924.87 Safari/537.36" "-"
165.230.225.244 - - [27/Mar/2017:16:37:37 -0400] "POST /route/forecastIndex.php HTTP/1.1" 200 28772 onwardtraffic.com "http://onwardtraffic.com/route/forecastIndex.php" "Mozilla/5.0 (Windows NT 6.3; WOW64) AppleWebKit/537.36 (KHTML, like Gecko) Chrome/56.0.2924.87 Safari/537.36" "-"
165.230.225.244 - - [27/Mar/2017:16:38:02 -0400] "POST /route/forecastIndex.php HTTP/1.1" 200 28766 onwardtraffic.com "http://onwardtraffic.com/route/forecastIndex.php" "Mozilla/5.0 (Windows NT 6.3; WOW64) AppleWebKit/537.36 (KHTML, like Gecko) Chrome/56.0.2924.87 Safari/537.36" "-"
165.230.225.244 - - [27/Mar/2017:16:38:10 -0400] "GET /img/favicon.png HTTP/1.1" 200 179733 onwardtraffic.com "http://onwardtraffic.com/route/forecastIndex.php" "Mozilla/5.0 (Windows NT 6.3; WOW64) AppleWebKit/537.36 (KHTML, like Gecko) Chrome/56.0.2924.87 Safari/537.36" "-"
165.230.225.244 - - [27/Mar/2017:16:38:52 -0400] "POST /route/forecastIndex.php HTTP/1.1" 200 29204 onwardtraffic.com "http://onwardtraffic.com/route/forecastIndex.php" "Mozilla/5.0 (Windows NT 6.3; WOW64) AppleWebKit/537.36 (KHTML, like Gecko) Chrome/56.0.2924.87 Safari/537.36" "-"
165.230.225.244 - - [27/Mar/2017:16:40:32 -0400] "POST /route/forecastIndex.php HTTP/1.1" 200 29286 onwardtraffic.com "http://onwardtraffic.com/route/forecastIndex.php" "Mozilla/5.0 (Windows NT 6.3; WOW64) AppleWebKit/537.36 (KHTML, like Gecko) Chrome/56.0.2924.87 Safari/537.36" "-"
165.230.225.244 - - [27/Mar/2017:16:41:43 -0400] "POST /route/forecastIndex.php HTTP/1.1" 200 29286 onwardtraffic.com "http://onwardtraffic.com/route/forecastIndex.php" "Mozilla/5.0 (Windows NT 6.3; WOW64) AppleWebKit/537.36 (KHTML, like Gecko) Chrome/56.0.2924.87 Safari/537.36" "-"
165.230.225.244 - - [27/Mar/2017:16:42:21 -0400] "POST /route/forecastIndex.php HTTP/1.1" 200 29288 onwardtraffic.com "http://onwardtraffic.com/route/forecastIndex.php" "Mozilla/5.0 (Windows NT 6.3; WOW64) AppleWebKit/537.36 (KHTML, like Gecko) Chrome/56.0.2924.87 Safari/537.36" "-"
165.230.225.244 - - [27/Mar/2017:16:43:32 -0400] "POST /route/forecastIndex.php HTTP/1.1" 200 29288 onwardtraffic.com "http://onwardtraffic.com/route/forecastIndex.php" "Mozilla/5.0 (Windows NT 6.3; WOW64) AppleWebKit/537.36 (KHTML, like Gecko) Chrome/56.0.2924.87 Safari/537.36" "-"
165.230.225.244 - - [27/Mar/2017:16:45:25 -0400] "POST /route/forecastIndex.php HTTP/1.1" 200 29288 onwardtraffic.com "http://onwardtraffic.com/route/forecastIndex.php" "Mozilla/5.0 (Windows NT 6.3; WOW64) AppleWebKit/537.36 (KHTML, like Gecko) Chrome/56.0.2924.87 Safari/537.36" "-"
165.230.225.244 - - [27/Mar/2017:16:47:06 -0400] "POST /route/forecastIndex.php HTTP/1.1" 200 29289 onwardtraffic.com "http://onwardtraffic.com/route/forecastIndex.php" "Mozilla/5.0 (Windows NT 6.3; WOW64) AppleWebKit/537.36 (KHTML, like Gecko) Chrome/56.0.2924.87 Safari/537.36" "-"
165.230.225.244 - - [27/Mar/2017:16:48:03 -0400] "POST /route/forecastIndex.php HTTP/1.1" 200 28766 onwardtraffic.com "http://onwardtraffic.com/route/forecastIndex.php" "Mozilla/5.0 (Windows NT 6.3; WOW64) AppleWebKit/537.36 (KHTML, like Gecko) Chrome/56.0.2924.87 Safari/537.36" "-"
165.230.225.244 - - [27/Mar/2017:16:48:10 -0400] "GET /img/favicon.png HTTP/1.1" 200 179733 onwardtraffic.com "http://onwardtraffic.com/route/forecastIndex.php" "Mozilla/5.0 (Windows NT 6.3; WOW64) AppleWebKit/537.36 (KHTML, like Gecko) Chrome/56.0.2924.87 Safari/537.36" "-"
165.230.225.244 - - [27/Mar/2017:16:48:49 -0400] "POST /route/forecastIndex.php HTTP/1.1" 200 28766 onwardtraffic.com "http://onwardtraffic.com/route/forecastIndex.php" "Mozilla/5.0 (Windows NT 6.3; WOW64) AppleWebKit/537.36 (KHTML, like Gecko) Chrome/56.0.2924.87 Safari/537.36" "-"
165.230.225.244 - - [27/Mar/2017:16:48:56 -0400] "GET /img/favicon.png HTTP/1.1" 200 179733 onwardtraffic.com "http://onwardtraffic.com/route/forecastIndex.php" "Mozilla/5.0 (Windows NT 6.3; WOW64) AppleWebKit/537.36 (KHTML, like Gecko) Chrome/56.0.2924.87 Safari/537.36" "-"
165.230.225.244 - - [27/Mar/2017:16:49:16 -0400] "POST /route/forecastIndex.php HTTP/1.1" 200 28771 onwardtraffic.com "http://onwardtraffic.com/route/forecastIndex.php" "Mozilla/5.0 (Windows NT 6.3; WOW64) AppleWebKit/537.36 (KHTML, like Gecko) Chrome/56.0.2924.87 Safari/537.36" "-"
165.230.225.244 - - [27/Mar/2017:16:50:58 -0400] "POST /route/forecastIndex.php HTTP/1.1" 200 28773 onwardtraffic.com "http://onwardtraffic.com/route/forecastIndex.php" "Mozilla/5.0 (Windows NT 6.3; WOW64) AppleWebKit/537.36 (KHTML, like Gecko) Chrome/56.0.2924.87 Safari/537.36" "-"
165.230.225.244 - - [27/Mar/2017:16:52:16 -0400] "POST /route/forecastIndex.php HTTP/1.1" 200 28866 onwardtraffic.com "http://onwardtraffic.com/route/forecastIndex.php" "Mozilla/5.0 (Windows NT 6.3; WOW64) AppleWebKit/537.36 (KHTML, like Gecko) Chrome/56.0.2924.87 Safari/537.36" "-"
165.230.225.244 - - [27/Mar/2017:16:55:24 -0400] "POST /route/forecastIndex.php HTTP/1.1" 200 28882 onwardtraffic.com "http://onwardtraffic.com/route/forecastIndex.php" "Mozilla/5.0 (Windows NT 6.3; WOW64) AppleWebKit/537.36 (KHTML, like Gecko) Chrome/56.0.2924.87 Safari/537.36" "-"
165.230.225.244 - - [27/Mar/2017:16:56:06 -0400] "POST /route/forecastIndex.php HTTP/1.1" 200 28877 onwardtraffic.com "http://onwardtraffic.com/route/forecastIndex.php" "Mozilla/5.0 (Windows NT 6.3; WOW64) AppleWebKit/537.36 (KHTML, like Gecko) Chrome/56.0.2924.87 Safari/537.36" "-"
165.230.225.244 - - [27/Mar/2017:16:56:21 -0400] "POST /route/forecastIndex.php HTTP/1.1" 200 28933 onwardtraffic.com "http://onwardtraffic.com/route/forecastIndex.php" "Mozilla/5.0 (Windows NT 6.3; WOW64) AppleWebKit/537.36 (KHTML, like Gecko) Chrome/56.0.2924.87 Safari/537.36" "-"
165.230.225.244 - - [27/Mar/2017:16:56:21 -0400] "POST /route/forecastIndex.php HTTP/1.1" 200 28933 onwardtraffic.com "http://onwardtraffic.com/route/forecastIndex.php" "Mozilla/5.0 (Windows NT 6.3; WOW64) AppleWebKit/537.36 (KHTML, like Gecko) Chrome/56.0.2924.87 Safari/537.36" "-"
165.230.225.244 - - [27/Mar/2017:16:57:55 -0400] "POST /route/forecastIndex.php HTTP/1.1" 200 28877 onwardtraffic.com "http://onwardtraffic.com/route/forecastIndex.php" "Mozilla/5.0 (Windows NT 6.3; WOW64) AppleWebKit/537.36 (KHTML, like Gecko) Chrome/56.0.2924.87 Safari/537.36" "-"
165.230.225.244 - - [27/Mar/2017:17:00:12 -0400] "POST /route/forecastIndex.php HTTP/1.1" 200 28886 onwardtraffic.com "http://onwardtraffic.com/route/forecastIndex.php" "Mozilla/5.0 (Windows NT 6.3; WOW64) AppleWebKit/537.36 (KHTML, like Gecko) Chrome/56.0.2924.87 Safari/537.36" "-"
165.230.225.244 - - [27/Mar/2017:17:01:42 -0400] "POST /route/forecastIndex.php HTTP/1.1" 200 28877 onwardtraffic.com "http://onwardtraffic.com/route/forecastIndex.php" "Mozilla/5.0 (Windows NT 6.3; WOW64) AppleWebKit/537.36 (KHTML, like Gecko) Chrome/56.0.2924.87 Safari/537.36" "-"
165.230.225.244 - - [27/Mar/2017:17:01:55 -0400] "POST /route/forecastIndex.php HTTP/1.1" 200 28933 onwardtraffic.com "http://onwardtraffic.com/route/forecastIndex.php" "Mozilla/5.0 (Windows NT 6.3; WOW64) AppleWebKit/537.36 (KHTML, like Gecko) Chrome/56.0.2924.87 Safari/537.36" "-"
165.230.225.244 - - [27/Mar/2017:17:02:21 -0400] "POST /route/forecastIndex.php HTTP/1.1" 200 28938 onwardtraffic.com "http://onwardtraffic.com/route/forecastIndex.php" "Mozilla/5.0 (Windows NT 6.3; WOW64) AppleWebKit/537.36 (KHTML, like Gecko) Chrome/56.0.2924.87 Safari/537.36" "-"
165.230.224.51 - - [27/Mar/2017:17:02:26 -0400] "GET / HTTP/1.1" 304 - onwardtraffic.com "-" "Mozilla/5.0 (Macintosh; Intel Mac OS X 10_12_2) AppleWebKit/537.36 (KHTML, like Gecko) Chrome/56.0.2924.87 Safari/537.36" "-"
165.230.224.51 - - [27/Mar/2017:17:02:28 -0400] "GET /heatmap/ HTTP/1.1" 200 23616 onwardtraffic.com "http://onwardtraffic.com/" "Mozilla/5.0 (Macintosh; Intel Mac OS X 10_12_2) AppleWebKit/537.36 (KHTML, like Gecko) Chrome/56.0.2924.87 Safari/537.36" "-"
165.230.224.51 - - [27/Mar/2017:17:02:31 -0400] "GET /heatmap/forecastIndex.php HTTP/1.1" 200 27139 onwardtraffic.com "http://onwardtraffic.com/heatmap/" "Mozilla/5.0 (Macintosh; Intel Mac OS X 10_12_2) AppleWebKit/537.36 (KHTML, like Gecko) Chrome/56.0.2924.87 Safari/537.36" "-"
165.230.224.51 - - [27/Mar/2017:17:03:41 -0400] "GET /heatmap/ HTTP/1.1" 200 23616 onwardtraffic.com "-" "Mozilla/5.0 (Macintosh; Intel Mac OS X 10_12_2) AppleWebKit/537.36 (KHTML, like Gecko) Chrome/56.0.2924.87 Safari/537.36" "-"
165.230.224.51 - - [27/Mar/2017:17:03:43 -0400] "GET /heatmap/forecastIndex.php HTTP/1.1" 200 27134 onwardtraffic.com "http://onwardtraffic.com/heatmap/" "Mozilla/5.0 (Macintosh; Intel Mac OS X 10_12_2) AppleWebKit/537.36 (KHTML, like Gecko) Chrome/56.0.2924.87 Safari/537.36" "-"
165.230.225.244 - - [27/Mar/2017:17:03:55 -0400] "POST /route/forecastIndex.php HTTP/1.1" 200 28917 onwardtraffic.com "http://onwardtraffic.com/route/forecastIndex.php" "Mozilla/5.0 (Windows NT 6.3; WOW64) AppleWebKit/537.36 (KHTML, like Gecko) Chrome/56.0.2924.87 Safari/537.36" "-"
165.230.224.51 - - [27/Mar/2017:17:03:58 -0400] "GET /action_page.php?loc1=07936&check_list%5B%5D=1&check_list%5B%5D=2&check_list%5B%5D=3&check_list%5B%5D=4&time=9&day=March+31%2C+2017&loc2=10&submit=forecasted_heatmap HTTP/1.1" 404 1363 onwardtraffic.com "http://onwardtraffic.com/heatmap/forecastIndex.php" "Mozilla/5.0 (Macintosh; Intel Mac OS X 10_12_2) AppleWebKit/537.36 (KHTML, like Gecko) Chrome/56.0.2924.87 Safari/537.36" "-"
165.230.224.51 - - [27/Mar/2017:17:04:48 -0400] "GET /heatmap/ HTTP/1.1" 200 23616 onwardtraffic.com "http://onwardtraffic.com/" "Mozilla/5.0 (Macintosh; Intel Mac OS X 10_12_2) AppleWebKit/537.36 (KHTML, like Gecko) Chrome/56.0.2924.87 Safari/537.36" "-"
165.230.224.51 - - [27/Mar/2017:17:04:49 -0400] "GET /heatmap/forecastIndex.php HTTP/1.1" 200 27118 onwardtraffic.com "http://onwardtraffic.com/heatmap/" "Mozilla/5.0 (Macintosh; Intel Mac OS X 10_12_2) AppleWebKit/537.36 (KHTML, like Gecko) Chrome/56.0.2924.87 Safari/537.36" "-"
66.175.239.13 - - [27/Mar/2017:17:05:01 -0400] "GET /php/masterCurl.php HTTP/1.1" 404 - onwardtraffic.com "-" "Wget/1.16 (linux-gnu)" "-"
165.230.224.51 - - [27/Mar/2017:17:05:01 -0400] "GET /heatmap/forecastIndex.php?loc1=07936&check_list%5B%5D=1&check_list%5B%5D=2&check_list%5B%5D=3&check_list%5B%5D=4&time=2&day=March+29%2C+2017&loc2=20&submit=forecasted_heatmap HTTP/1.1" 200 27118 onwardtraffic.com "http://onwardtraffic.com/heatmap/forecastIndex.php" "Mozilla/5.0 (Macintosh; Intel Mac OS X 10_12_2) AppleWebKit/537.36 (KHTML, like Gecko) Chrome/56.0.2924.87 Safari/537.36" "-"
165.230.225.244 - - [27/Mar/2017:17:05:12 -0400] "POST /route/forecastIndex.php HTTP/1.1" 200 28785 onwardtraffic.com "http://onwardtraffic.com/route/forecastIndex.php" "Mozilla/5.0 (Windows NT 6.3; WOW64) AppleWebKit/537.36 (KHTML, like Gecko) Chrome/56.0.2924.87 Safari/537.36" "-"
165.230.224.51 - - [27/Mar/2017:17:06:08 -0400] "GET /heatmap/forecastIndex.php?loc1=07936&check_list%5B%5D=1&check_list%5B%5D=2&check_list%5B%5D=3&check_list%5B%5D=4&time=2&day=March+29%2C+2017&loc2=20&submit=forecasted_heatmap HTTP/1.1" 200 27112 onwardtraffic.com "http://onwardtraffic.com/heatmap/forecastIndex.php" "Mozilla/5.0 (Macintosh; Intel Mac OS X 10_12_2) AppleWebKit/537.36 (KHTML, like Gecko) Chrome/56.0.2924.87 Safari/537.36" "-"
165.230.224.51 - - [27/Mar/2017:17:06:09 -0400] "GET /img/favicon.png HTTP/1.1" 200 179733 onwardtraffic.com "http://onwardtraffic.com/heatmap/forecastIndex.php?loc1=07936&check_list%5B%5D=1&check_list%5B%5D=2&check_list%5B%5D=3&check_list%5B%5D=4&time=2&day=March+29%2C+2017&loc2=20&submit=forecasted_heatmap" "Mozilla/5.0 (Macintosh; Intel Mac OS X 10_12_2) AppleWebKit/537.36 (KHTML, like Gecko) Chrome/56.0.2924.87 Safari/537.36" "-"
165.230.224.51 - - [27/Mar/2017:17:06:25 -0400] "GET /heatmap/ HTTP/1.1" 200 23616 onwardtraffic.com "http://onwardtraffic.com/heatmap/forecastIndex.php?loc1=07936&check_list%5B%5D=1&check_list%5B%5D=2&check_list%5B%5D=3&check_list%5B%5D=4&time=2&day=March+29%2C+2017&loc2=20&submit=forecasted_heatmap" "Mozilla/5.0 (Macintosh; Intel Mac OS X 10_12_2) AppleWebKit/537.36 (KHTML, like Gecko) Chrome/56.0.2924.87 Safari/537.36" "-"
165.230.224.51 - - [27/Mar/2017:17:06:56 -0400] "POST /heatmap/ HTTP/1.1" 200 25046 onwardtraffic.com "http://onwardtraffic.com/heatmap/" "Mozilla/5.0 (Macintosh; Intel Mac OS X 10_12_2) AppleWebKit/537.36 (KHTML, like Gecko) Chrome/56.0.2924.87 Safari/537.36" "-"
165.230.224.51 - - [27/Mar/2017:17:07:04 -0400] "GET /heatmap/forecastIndex.php HTTP/1.1" 200 27112 onwardtraffic.com "http://onwardtraffic.com/heatmap/" "Mozilla/5.0 (Macintosh; Intel Mac OS X 10_12_2) AppleWebKit/537.36 (KHTML, like Gecko) Chrome/56.0.2924.87 Safari/537.36" "-"
165.230.224.84 - - [27/Mar/2017:17:07:09 -0400] "GET /php/trafficCollectorTest.php HTTP/1.1" 200 558 onwardtraffic.com "-" "Mozilla/5.0 (Macintosh; Intel Mac OS X 10_11_6) AppleWebKit/537.36 (KHTML, like Gecko) Chrome/56.0.2924.87 Safari/537.36" "-"
165.230.224.51 - - [27/Mar/2017:17:07:35 -0400] "GET /heatmap/forecastIndex.php?loc1=08817&check_list%5B%5D=1&check_list%5B%5D=2&check_list%5B%5D=3&check_list%5B%5D=4&time=17&day=March+31%2C+2017&loc2=20&submit=forecasted_heatmap HTTP/1.1" 200 27112 onwardtraffic.com "http://onwardtraffic.com/heatmap/forecastIndex.php" "Mozilla/5.0 (Macintosh; Intel Mac OS X 10_12_2) AppleWebKit/537.36 (KHTML, like Gecko) Chrome/56.0.2924.87 Safari/537.36" "-"
165.230.225.244 - - [27/Mar/2017:17:07:41 -0400] "POST /route/forecastIndex.php HTTP/1.1" 404 - onwardtraffic.com "http://onwardtraffic.com/route/forecastIndex.php" "Mozilla/5.0 (Windows NT 6.3; WOW64) AppleWebKit/537.36 (KHTML, like Gecko) Chrome/56.0.2924.87 Safari/537.36" "-"
165.230.225.244 - - [27/Mar/2017:17:07:51 -0400] "GET /route/forecastIndex.php HTTP/1.1" 200 26234 onwardtraffic.com "-" "Mozilla/5.0 (Windows NT 6.3; WOW64) AppleWebKit/537.36 (KHTML, like Gecko) Chrome/56.0.2924.87 Safari/537.36" "-"
165.230.225.244 - - [27/Mar/2017:17:07:52 -0400] "GET /img/favicon.png HTTP/1.1" 200 179733 onwardtraffic.com "http://onwardtraffic.com/route/forecastIndex.php" "Mozilla/5.0 (Windows NT 6.3; WOW64) AppleWebKit/537.36 (KHTML, like Gecko) Chrome/56.0.2924.87 Safari/537.36" "-"
165.230.225.244 - - [27/Mar/2017:17:07:53 -0400] "GET /route/forecastIndex.php HTTP/1.1" 200 26234 onwardtraffic.com "-" "Mozilla/5.0 (Windows NT 6.3; WOW64) AppleWebKit/537.36 (KHTML, like Gecko) Chrome/56.0.2924.87 Safari/537.36" "-"
165.230.225.244 - - [27/Mar/2017:17:07:55 -0400] "GET /img/favicon.png HTTP/1.1" 200 179733 onwardtraffic.com "http://onwardtraffic.com/route/forecastIndex.php" "Mozilla/5.0 (Windows NT 6.3; WOW64) AppleWebKit/537.36 (KHTML, like Gecko) Chrome/56.0.2924.87 Safari/537.36" "-"
165.230.225.244 - - [27/Mar/2017:17:08:07 -0400] "POST /route/forecastIndex.php HTTP/1.1" 200 28780 onwardtraffic.com "http://onwardtraffic.com/route/forecastIndex.php" "Mozilla/5.0 (Windows NT 6.3; WOW64) AppleWebKit/537.36 (KHTML, like Gecko) Chrome/56.0.2924.87 Safari/537.36" "-"
165.230.224.84 - - [27/Mar/2017:17:09:13 -0400] "GET /php/trafficCollectorTest.php HTTP/1.1" 404 - onwardtraffic.com "-" "Mozilla/5.0 (Macintosh; Intel Mac OS X 10_11_6) AppleWebKit/537.36 (KHTML, like Gecko) Chrome/56.0.2924.87 Safari/537.36" "-"
165.230.225.244 - - [27/Mar/2017:17:10:01 -0400] "POST /route/forecastIndex.php HTTP/1.1" 200 28819 onwardtraffic.com "http://onwardtraffic.com/route/forecastIndex.php" "Mozilla/5.0 (Windows NT 6.3; WOW64) AppleWebKit/537.36 (KHTML, like Gecko) Chrome/56.0.2924.87 Safari/537.36" "-"
165.230.224.84 - - [27/Mar/2017:17:10:05 -0400] "GET /php/trafficCollectorTest.php HTTP/1.1" 200 538 onwardtraffic.com "-" "Mozilla/5.0 (Macintosh; Intel Mac OS X 10_11_6) AppleWebKit/537.36 (KHTML, like Gecko) Chrome/56.0.2924.87 Safari/537.36" "-"
165.230.225.244 - - [27/Mar/2017:17:10:08 -0400] "GET /img/favicon.png HTTP/1.1" 200 179733 onwardtraffic.com "http://onwardtraffic.com/route/forecastIndex.php" "Mozilla/5.0 (Windows NT 6.3; WOW64) AppleWebKit/537.36 (KHTML, like Gecko) Chrome/56.0.2924.87 Safari/537.36" "-"
165.230.224.84 - - [27/Mar/2017:17:10:43 -0400] "GET /php/trafficCollectorTest.php HTTP/1.1" 200 538 onwardtraffic.com "-" "Mozilla/5.0 (Macintosh; Intel Mac OS X 10_11_6) AppleWebKit/537.36 (KHTML, like Gecko) Chrome/56.0.2924.87 Safari/537.36" "-"
165.230.224.51 - - [27/Mar/2017:17:11:27 -0400] "GET /heatmap/forecastIndex.php?loc1=08817&check_list%5B%5D=1&check_list%5B%5D=2&check_list%5B%5D=3&check_list%5B%5D=4&time=17&day=March+31%2C+2017&loc2=20&submit=forecasted_heatmap HTTP/1.1" 200 27112 onwardtraffic.com "http://onwardtraffic.com/heatmap/forecastIndex.php" "Mozilla/5.0 (Macintosh; Intel Mac OS X 10_12_2) AppleWebKit/537.36 (KHTML, like Gecko) Chrome/56.0.2924.87 Safari/537.36" "-"
165.230.224.51 - - [27/Mar/2017:17:11:54 -0400] "GET /heatmap/forecastIndex.php?loc1=08817&check_list%5B%5D=1&check_list%5B%5D=2&check_list%5B%5D=3&check_list%5B%5D=4&time=17&day=March+31%2C+2017&loc2=20&submit=forecasted_heatmap HTTP/1.1" 200 27112 onwardtraffic.com "http://onwardtraffic.com/heatmap/forecastIndex.php" "Mozilla/5.0 (Macintosh; Intel Mac OS X 10_12_2) AppleWebKit/537.36 (KHTML, like Gecko) Chrome/56.0.2924.87 Safari/537.36" "-"
165.230.224.51 - - [27/Mar/2017:17:12:04 -0400] "GET / HTTP/1.1" 304 - onwardtraffic.com "-" "Mozilla/5.0 (Macintosh; Intel Mac OS X 10_12_2) AppleWebKit/537.36 (KHTML, like Gecko) Chrome/56.0.2924.87 Safari/537.36" "-"
165.230.224.51 - - [27/Mar/2017:17:12:09 -0400] "GET /heatmap/ HTTP/1.1" 200 23616 onwardtraffic.com "http://onwardtraffic.com/" "Mozilla/5.0 (Macintosh; Intel Mac OS X 10_12_2) AppleWebKit/537.36 (KHTML, like Gecko) Chrome/56.0.2924.87 Safari/537.36" "-"
165.230.224.51 - - [27/Mar/2017:17:12:12 -0400] "GET /heatmap/forecastIndex.php HTTP/1.1" 200 27112 onwardtraffic.com "http://onwardtraffic.com/heatmap/" "Mozilla/5.0 (Macintosh; Intel Mac OS X 10_12_2) AppleWebKit/537.36 (KHTML, like Gecko) Chrome/56.0.2924.87 Safari/537.36" "-"
165.230.225.244 - - [27/Mar/2017:17:12:12 -0400] "POST /route/forecastIndex.php HTTP/1.1" 200 28832 onwardtraffic.com "http://onwardtraffic.com/route/forecastIndex.php" "Mozilla/5.0 (Windows NT 6.3; WOW64) AppleWebKit/537.36 (KHTML, like Gecko) Chrome/56.0.2924.87 Safari/537.36" "-"
165.230.224.51 - - [27/Mar/2017:17:12:23 -0400] "GET /heatmap/forecastIndex.php?loc1=07936&check_list%5B%5D=1&check_list%5B%5D=2&check_list%5B%5D=3&check_list%5B%5D=4&time=0&day=March+28%2C+2017&loc2=15&submit=forecasted_heatmap HTTP/1.1" 200 27112 onwardtraffic.com "http://onwardtraffic.com/heatmap/forecastIndex.php" "Mozilla/5.0 (Macintosh; Intel Mac OS X 10_12_2) AppleWebKit/537.36 (KHTML, like Gecko) Chrome/56.0.2924.87 Safari/537.36" "-"
165.230.224.51 - - [27/Mar/2017:17:13:26 -0400] "GET /heatmap/ HTTP/1.1" 404 - onwardtraffic.com "http://onwardtraffic.com/" "Mozilla/5.0 (Macintosh; Intel Mac OS X 10_12_2) AppleWebKit/537.36 (KHTML, like Gecko) Chrome/56.0.2924.87 Safari/537.36" "-"
165.230.225.244 - - [27/Mar/2017:17:13:44 -0400] "POST /route/forecastIndex.php HTTP/1.1" 200 28831 onwardtraffic.com "http://onwardtraffic.com/route/forecastIndex.php" "Mozilla/5.0 (Windows NT 6.3; WOW64) AppleWebKit/537.36 (KHTML, like Gecko) Chrome/56.0.2924.87 Safari/537.36" "-"
165.230.224.51 - - [27/Mar/2017:17:13:46 -0400] "GET /heatmap/ HTTP/1.1" 200 23616 onwardtraffic.com "http://onwardtraffic.com/" "Mozilla/5.0 (Macintosh; Intel Mac OS X 10_12_2) AppleWebKit/537.36 (KHTML, like Gecko) Chrome/56.0.2924.87 Safari/537.36" "-"
165.230.224.51 - - [27/Mar/2017:17:13:51 -0400] "GET /heatmap/forecastIndex.php HTTP/1.1" 200 27126 onwardtraffic.com "http://onwardtraffic.com/heatmap/" "Mozilla/5.0 (Macintosh; Intel Mac OS X 10_12_2) AppleWebKit/537.36 (KHTML, like Gecko) Chrome/56.0.2924.87 Safari/537.36" "-"
165.230.225.244 - - [27/Mar/2017:17:13:51 -0400] "GET /img/favicon.png HTTP/1.1" 200 179733 onwardtraffic.com "http://onwardtraffic.com/route/forecastIndex.php" "Mozilla/5.0 (Windows NT 6.3; WOW64) AppleWebKit/537.36 (KHTML, like Gecko) Chrome/56.0.2924.87 Safari/537.36" "-"
165.230.224.51 - - [27/Mar/2017:17:14:11 -0400] "POST /heatmap/forecastIndex.php HTTP/1.1" 200 581 onwardtraffic.com "http://onwardtraffic.com/heatmap/forecastIndex.php" "Mozilla/5.0 (Macintosh; Intel Mac OS X 10_12_2) AppleWebKit/537.36 (KHTML, like Gecko) Chrome/56.0.2924.87 Safari/537.36" "-"
165.230.224.51 - - [27/Mar/2017:17:15:16 -0400] "GET /heatmap/forecastIndex.php HTTP/1.1" 200 27126 onwardtraffic.com "http://onwardtraffic.com/heatmap/" "Mozilla/5.0 (Macintosh; Intel Mac OS X 10_12_2) AppleWebKit/537.36 (KHTML, like Gecko) Chrome/56.0.2924.87 Safari/537.36" "-"
165.230.224.51 - - [27/Mar/2017:17:15:58 -0400] "POST /heatmap/forecastIndex.php HTTP/1.1" 200 581 onwardtraffic.com "http://onwardtraffic.com/heatmap/forecastIndex.php" "Mozilla/5.0 (Macintosh; Intel Mac OS X 10_12_2) AppleWebKit/537.36 (KHTML, like Gecko) Chrome/56.0.2924.87 Safari/537.36" "-"
165.230.225.244 - - [27/Mar/2017:17:16:23 -0400] "POST /route/forecastIndex.php HTTP/1.1" 200 28826 onwardtraffic.com "http://onwardtraffic.com/route/forecastIndex.php" "Mozilla/5.0 (Windows NT 6.3; WOW64) AppleWebKit/537.36 (KHTML, like Gecko) Chrome/56.0.2924.87 Safari/537.36" "-"
165.230.225.244 - - [27/Mar/2017:17:17:41 -0400] "POST /route/forecastIndex.php HTTP/1.1" 200 28850 onwardtraffic.com "http://onwardtraffic.com/route/forecastIndex.php" "Mozilla/5.0 (Windows NT 6.3; WOW64) AppleWebKit/537.36 (KHTML, like Gecko) Chrome/56.0.2924.87 Safari/537.36" "-"
165.230.225.244 - - [27/Mar/2017:17:19:40 -0400] "POST /route/forecastIndex.php HTTP/1.1" 200 28856 onwardtraffic.com "http://onwardtraffic.com/route/forecastIndex.php" "Mozilla/5.0 (Windows NT 6.3; WOW64) AppleWebKit/537.36 (KHTML, like Gecko) Chrome/56.0.2924.87 Safari/537.36" "-"
165.230.225.244 - - [27/Mar/2017:17:19:47 -0400] "GET /img/favicon.png HTTP/1.1" 200 179733 onwardtraffic.com "http://onwardtraffic.com/route/forecastIndex.php" "Mozilla/5.0 (Windows NT 6.3; WOW64) AppleWebKit/537.36 (KHTML, like Gecko) Chrome/56.0.2924.87 Safari/537.36" "-"
165.230.224.84 - - [27/Mar/2017:17:20:19 -0400] "GET /php/trafficCollectorTest.php HTTP/1.1" 200 538 onwardtraffic.com "-" "Mozilla/5.0 (Macintosh; Intel Mac OS X 10_11_6) AppleWebKit/537.36 (KHTML, like Gecko) Chrome/56.0.2924.87 Safari/537.36" "-"
165.230.225.244 - - [27/Mar/2017:17:22:58 -0400] "POST /route/forecastIndex.php HTTP/1.1" 200 28861 onwardtraffic.com "http://onwardtraffic.com/route/forecastIndex.php" "Mozilla/5.0 (Windows NT 6.3; WOW64) AppleWebKit/537.36 (KHTML, like Gecko) Chrome/56.0.2924.87 Safari/537.36" "-"
165.230.225.244 - - [27/Mar/2017:17:23:05 -0400] "GET /img/favicon.png HTTP/1.1" 200 179733 onwardtraffic.com "http://onwardtraffic.com/route/forecastIndex.php" "Mozilla/5.0 (Windows NT 6.3; WOW64) AppleWebKit/537.36 (KHTML, like Gecko) Chrome/56.0.2924.87 Safari/537.36" "-"
165.230.224.51 - - [27/Mar/2017:17:23:07 -0400] "POST /heatmap/forecastIndex.php HTTP/1.1" 200 583 onwardtraffic.com "http://onwardtraffic.com/heatmap/forecastIndex.php" "Mozilla/5.0 (Macintosh; Intel Mac OS X 10_12_2) AppleWebKit/537.36 (KHTML, like Gecko) Chrome/56.0.2924.87 Safari/537.36" "-"
165.230.225.244 - - [27/Mar/2017:17:24:00 -0400] "POST /route/forecastIndex.php HTTP/1.1" 200 28616 onwardtraffic.com "http://onwardtraffic.com/route/forecastIndex.php" "Mozilla/5.0 (Windows NT 6.3; WOW64) AppleWebKit/537.36 (KHTML, like Gecko) Chrome/56.0.2924.87 Safari/537.36" "-"
165.230.224.84 - - [27/Mar/2017:17:24:20 -0400] "GET /php/trafficCollectorTest.php HTTP/1.1" 200 18 onwardtraffic.com "-" "Mozilla/5.0 (Macintosh; Intel Mac OS X 10_11_6) AppleWebKit/537.36 (KHTML, like Gecko) Chrome/56.0.2924.87 Safari/537.36" "-"
165.230.225.244 - - [27/Mar/2017:17:24:42 -0400] "POST /route/forecastIndex.php HTTP/1.1" 404 - onwardtraffic.com "http://onwardtraffic.com/route/forecastIndex.php" "Mozilla/5.0 (Windows NT 6.3; WOW64) AppleWebKit/537.36 (KHTML, like Gecko) Chrome/56.0.2924.87 Safari/537.36" "-"
165.230.225.244 - - [27/Mar/2017:17:24:45 -0400] "POST /route/forecastIndex.php HTTP/1.1" 404 - onwardtraffic.com "http://onwardtraffic.com/route/forecastIndex.php" "Mozilla/5.0 (Windows NT 6.3; WOW64) AppleWebKit/537.36 (KHTML, like Gecko) Chrome/56.0.2924.87 Safari/537.36" "-"
165.230.224.51 - - [27/Mar/2017:17:24:47 -0400] "POST /heatmap/forecastIndex.php HTTP/1.1" 404 - onwardtraffic.com "http://onwardtraffic.com/heatmap/forecastIndex.php" "Mozilla/5.0 (Macintosh; Intel Mac OS X 10_12_2) AppleWebKit/537.36 (KHTML, like Gecko) Chrome/56.0.2924.87 Safari/537.36" "-"
165.230.225.244 - - [27/Mar/2017:17:24:47 -0400] "POST /route/forecastIndex.php HTTP/1.1" 404 - onwardtraffic.com "http://onwardtraffic.com/route/forecastIndex.php" "Mozilla/5.0 (Windows NT 6.3; WOW64) AppleWebKit/537.36 (KHTML, like Gecko) Chrome/56.0.2924.87 Safari/537.36" "-"
165.230.225.244 - - [27/Mar/2017:17:24:48 -0400] "POST /route/forecastIndex.php HTTP/1.1" 404 - onwardtraffic.com "http://onwardtraffic.com/route/forecastIndex.php" "Mozilla/5.0 (Windows NT 6.3; WOW64) AppleWebKit/537.36 (KHTML, like Gecko) Chrome/56.0.2924.87 Safari/537.36" "-"
165.230.225.244 - - [27/Mar/2017:17:24:49 -0400] "POST /route/forecastIndex.php HTTP/1.1" 404 - onwardtraffic.com "http://onwardtraffic.com/route/forecastIndex.php" "Mozilla/5.0 (Windows NT 6.3; WOW64) AppleWebKit/537.36 (KHTML, like Gecko) Chrome/56.0.2924.87 Safari/537.36" "-"
165.230.225.244 - - [27/Mar/2017:17:24:50 -0400] "POST /route/forecastIndex.php HTTP/1.1" 404 - onwardtraffic.com "http://onwardtraffic.com/route/forecastIndex.php" "Mozilla/5.0 (Windows NT 6.3; WOW64) AppleWebKit/537.36 (KHTML, like Gecko) Chrome/56.0.2924.87 Safari/537.36" "-"
165.230.224.51 - - [27/Mar/2017:17:24:50 -0400] "GET /heatmap/ HTTP/1.1" 404 - onwardtraffic.com "-" "Mozilla/5.0 (Macintosh; Intel Mac OS X 10_12_2) AppleWebKit/537.36 (KHTML, like Gecko) Chrome/56.0.2924.87 Safari/537.36" "-"
165.230.225.244 - - [27/Mar/2017:17:24:52 -0400] "GET /route/forecastIndex.php HTTP/1.1" 404 - onwardtraffic.com "-" "Mozilla/5.0 (Windows NT 6.3; WOW64) AppleWebKit/537.36 (KHTML, like Gecko) Chrome/56.0.2924.87 Safari/537.36" "-"
165.230.224.51 - - [27/Mar/2017:17:24:53 -0400] "GET /heatmap/ HTTP/1.1" 404 - onwardtraffic.com "-" "Mozilla/5.0 (Macintosh; Intel Mac OS X 10_12_2) AppleWebKit/537.36 (KHTML, like Gecko) Chrome/56.0.2924.87 Safari/537.36" "-"
165.230.225.244 - - [27/Mar/2017:17:24:54 -0400] "GET /route/ HTTP/1.1" 404 - onwardtraffic.com "-" "Mozilla/5.0 (Windows NT 6.3; WOW64) AppleWebKit/537.36 (KHTML, like Gecko) Chrome/56.0.2924.87 Safari/537.36" "-"
165.230.224.51 - - [27/Mar/2017:17:24:55 -0400] "GET /heatmap/ HTTP/1.1" 404 - onwardtraffic.com "-" "Mozilla/5.0 (Macintosh; Intel Mac OS X 10_12_2) AppleWebKit/537.36 (KHTML, like Gecko) Chrome/56.0.2924.87 Safari/537.36" "-"
165.230.224.51 - - [27/Mar/2017:17:24:58 -0400] "GET / HTTP/1.1" 304 - onwardtraffic.com "-" "Mozilla/5.0 (Macintosh; Intel Mac OS X 10_12_2) AppleWebKit/537.36 (KHTML, like Gecko) Chrome/56.0.2924.87 Safari/537.36" "-"
165.230.224.51 - - [27/Mar/2017:17:25:00 -0400] "GET /heatmap/ HTTP/1.1" 404 - onwardtraffic.com "http://onwardtraffic.com/" "Mozilla/5.0 (Macintosh; Intel Mac OS X 10_12_2) AppleWebKit/537.36 (KHTML, like Gecko) Chrome/56.0.2924.87 Safari/537.36" "-"
165.230.225.244 - - [27/Mar/2017:17:25:01 -0400] "GET /route/ HTTP/1.1" 404 - onwardtraffic.com "-" "Mozilla/5.0 (Windows NT 6.3; WOW64) AppleWebKit/537.36 (KHTML, like Gecko) Chrome/56.0.2924.87 Safari/537.36" "-"
165.230.225.244 - - [27/Mar/2017:17:25:02 -0400] "GET /route/ HTTP/1.1" 404 - onwardtraffic.com "-" "Mozilla/5.0 (Windows NT 6.3; WOW64) AppleWebKit/537.36 (KHTML, like Gecko) Chrome/56.0.2924.87 Safari/537.36" "-"
165.230.225.244 - - [27/Mar/2017:17:25:05 -0400] "GET / HTTP/1.1" 304 - onwardtraffic.com "-" "Mozilla/5.0 (Windows NT 6.3; WOW64) AppleWebKit/537.36 (KHTML, like Gecko) Chrome/56.0.2924.87 Safari/537.36" "-"
165.230.225.244 - - [27/Mar/2017:17:25:06 -0400] "GET /route/ HTTP/1.1" 404 - onwardtraffic.com "http://onwardtraffic.com/" "Mozilla/5.0 (Windows NT 6.3; WOW64) AppleWebKit/537.36 (KHTML, like Gecko) Chrome/56.0.2924.87 Safari/537.36" "-"
165.230.224.84 - - [27/Mar/2017:17:25:06 -0400] "GET /php/trafficCollectorTest.php HTTP/1.1" 404 - onwardtraffic.com "-" "Mozilla/5.0 (Macintosh; Intel Mac OS X 10_11_6) AppleWebKit/537.36 (KHTML, like Gecko) Chrome/56.0.2924.87 Safari/537.36" "-"
165.230.225.244 - - [27/Mar/2017:17:25:12 -0400] "GET /heatmap/ HTTP/1.1" 404 - onwardtraffic.com "-" "Mozilla/5.0 (Windows NT 6.3; WOW64) AppleWebKit/537.36 (KHTML, like Gecko) Chrome/56.0.2924.87 Safari/537.36" "-"
165.230.224.51 - - [27/Mar/2017:17:25:15 -0400] "GET /heatmap/ HTTP/1.1" 404 - onwardtraffic.com "http://onwardtraffic.com/" "Mozilla/5.0 (Macintosh; Intel Mac OS X 10_12_2) AppleWebKit/537.36 (KHTML, like Gecko) Chrome/56.0.2924.87 Safari/537.36" "-"
165.230.225.244 - - [27/Mar/2017:17:25:39 -0400] "GET /heatmap/ HTTP/1.1" 404 - onwardtraffic.com "-" "Mozilla/5.0 (Windows NT 6.3; WOW64) AppleWebKit/537.36 (KHTML, like Gecko) Chrome/56.0.2924.87 Safari/537.36" "-"
165.230.225.244 - - [27/Mar/2017:17:25:44 -0400] "GET / HTTP/1.1" 200 9261 onwardtraffic.com "-" "Mozilla/5.0 (Windows NT 6.3; WOW64) AppleWebKit/537.36 (KHTML, like Gecko) Chrome/56.0.2924.87 Safari/537.36" "-"
165.230.225.244 - - [27/Mar/2017:17:25:44 -0400] "GET /css/bootstrap.min.css HTTP/1.1" 200 121200 onwardtraffic.com "http://onwardtraffic.com/" "Mozilla/5.0 (Windows NT 6.3; WOW64) AppleWebKit/537.36 (KHTML, like Gecko) Chrome/56.0.2924.87 Safari/537.36" "-"
165.230.225.244 - - [27/Mar/2017:17:25:44 -0400] "GET /css/landing-page.css HTTP/1.1" 200 2936 onwardtraffic.com "http://onwardtraffic.com/" "Mozilla/5.0 (Windows NT 6.3; WOW64) AppleWebKit/537.36 (KHTML, like Gecko) Chrome/56.0.2924.87 Safari/537.36" "-"
165.230.225.244 - - [27/Mar/2017:17:25:44 -0400] "GET /font-awesome/css/font-awesome.min.css HTTP/1.1" 200 21984 onwardtraffic.com "http://onwardtraffic.com/" "Mozilla/5.0 (Windows NT 6.3; WOW64) AppleWebKit/537.36 (KHTML, like Gecko) Chrome/56.0.2924.87 Safari/537.36" "-"
165.230.225.244 - - [27/Mar/2017:17:25:44 -0400] "GET /js/jquery.js HTTP/1.1" 200 84245 onwardtraffic.com "http://onwardtraffic.com/" "Mozilla/5.0 (Windows NT 6.3; WOW64) AppleWebKit/537.36 (KHTML, like Gecko) Chrome/56.0.2924.87 Safari/537.36" "-"
165.230.225.244 - - [27/Mar/2017:17:25:44 -0400] "GET /js/bootstrap.min.js HTTP/1.1" 200 37045 onwardtraffic.com "http://onwardtraffic.com/" "Mozilla/5.0 (Windows NT 6.3; WOW64) AppleWebKit/537.36 (KHTML, like Gecko) Chrome/56.0.2924.87 Safari/537.36" "-"
165.230.225.244 - - [27/Mar/2017:17:25:44 -0400] "GET /img/heatmappic.jpg HTTP/1.1" 200 107874 onwardtraffic.com "http://onwardtraffic.com/" "Mozilla/5.0 (Windows NT 6.3; WOW64) AppleWebKit/537.36 (KHTML, like Gecko) Chrome/56.0.2924.87 Safari/537.36" "-"
165.230.225.244 - - [27/Mar/2017:17:25:44 -0400] "GET /img/agenda.jpg HTTP/1.1" 200 18110 onwardtraffic.com "http://onwardtraffic.com/" "Mozilla/5.0 (Windows NT 6.3; WOW64) AppleWebKit/537.36 (KHTML, like Gecko) Chrome/56.0.2924.87 Safari/537.36" "-"
165.230.225.244 - - [27/Mar/2017:17:25:44 -0400] "GET /img/banner-bg.jpg HTTP/1.1" 200 99523 onwardtraffic.com "http://onwardtraffic.com/css/landing-page.css" "Mozilla/5.0 (Windows NT 6.3; WOW64) AppleWebKit/537.36 (KHTML, like Gecko) Chrome/56.0.2924.87 Safari/537.36" "-"
165.230.225.244 - - [27/Mar/2017:17:25:44 -0400] "GET /img/arizona_route.jpg HTTP/1.1" 200 2351907 onwardtraffic.com "http://onwardtraffic.com/" "Mozilla/5.0 (Windows NT 6.3; WOW64) AppleWebKit/537.36 (KHTML, like Gecko) Chrome/56.0.2924.87 Safari/537.36" "-"
165.230.225.244 - - [27/Mar/2017:17:25:44 -0400] "GET /font-awesome/fonts/fontawesome-webfont.woff?v=4.2.0 HTTP/1.1" 200 65452 onwardtraffic.com "http://onwardtraffic.com/font-awesome/css/font-awesome.min.css" "Mozilla/5.0 (Windows NT 6.3; WOW64) AppleWebKit/537.36 (KHTML, like Gecko) Chrome/56.0.2924.87 Safari/537.36" "-"
165.230.225.244 - - [27/Mar/2017:17:25:44 -0400] "GET /img/world_map.jpg HTTP/1.1" 200 395074 onwardtraffic.com "http://onwardtraffic.com/css/landing-page.css" "Mozilla/5.0 (Windows NT 6.3; WOW64) AppleWebKit/537.36 (KHTML, like Gecko) Chrome/56.0.2924.87 Safari/537.36" "-"
165.230.224.51 - - [27/Mar/2017:17:25:48 -0400] "GET /heatmap/ HTTP/1.1" 404 - onwardtraffic.com "http://onwardtraffic.com/" "Mozilla/5.0 (Macintosh; Intel Mac OS X 10_12_2) AppleWebKit/537.36 (KHTML, like Gecko) Chrome/56.0.2924.87 Safari/537.36" "-"
165.230.225.244 - - [27/Mar/2017:17:25:51 -0400] "GET /route HTTP/1.1" 301 239 onwardtraffic.com "http://onwardtraffic.com/" "Mozilla/5.0 (Windows NT 6.3; WOW64) AppleWebKit/537.36 (KHTML, like Gecko) Chrome/56.0.2924.87 Safari/537.36" "-"
165.230.225.244 - - [27/Mar/2017:17:25:51 -0400] "GET /route/ HTTP/1.1" 404 - onwardtraffic.com "http://onwardtraffic.com/" "Mozilla/5.0 (Windows NT 6.3; WOW64) AppleWebKit/537.36 (KHTML, like Gecko) Chrome/56.0.2924.87 Safari/537.36" "-"
165.230.224.51 - - [27/Mar/2017:17:25:52 -0400] "GET /heatmap/ HTTP/1.1" 404 - onwardtraffic.com "http://onwardtraffic.com/" "Mozilla/5.0 (Macintosh; Intel Mac OS X 10_12_2) AppleWebKit/537.36 (KHTML, like Gecko) Chrome/56.0.2924.87 Safari/537.36" "-"
165.230.225.158 - - [27/Mar/2017:17:26:28 -0400] "GET /heatmap/ HTTP/1.1" 200 23616 onwardtraffic.com "http://onwardtraffic.com/" "Mozilla/5.0 (Macintosh; Intel Mac OS X 10_12_2) AppleWebKit/537.36 (KHTML, like Gecko) Chrome/57.0.2987.98 Safari/537.36" "-"
165.230.225.158 - - [27/Mar/2017:17:26:30 -0400] "GET /img/favicon.png HTTP/1.1" 200 179733 onwardtraffic.com "http://onwardtraffic.com/heatmap/" "Mozilla/5.0 (Macintosh; Intel Mac OS X 10_12_2) AppleWebKit/537.36 (KHTML, like Gecko) Chrome/57.0.2987.98 Safari/537.36" "-"
165.230.224.51 - - [27/Mar/2017:17:26:33 -0400] "GET /heatmap/ HTTP/1.1" 200 23616 onwardtraffic.com "http://onwardtraffic.com/" "Mozilla/5.0 (Macintosh; Intel Mac OS X 10_12_2) AppleWebKit/537.36 (KHTML, like Gecko) Chrome/56.0.2924.87 Safari/537.36" "-"
165.230.225.158 - - [27/Mar/2017:17:26:35 -0400] "GET /index.html HTTP/1.1" 200 9261 onwardtraffic.com "http://onwardtraffic.com/heatmap/" "Mozilla/5.0 (Macintosh; Intel Mac OS X 10_12_2) AppleWebKit/537.36 (KHTML, like Gecko) Chrome/57.0.2987.98 Safari/537.36" "-"
165.230.225.158 - - [27/Mar/2017:17:26:35 -0400] "GET /img/agenda.jpg HTTP/1.1" 304 - onwardtraffic.com "http://onwardtraffic.com/index.html" "Mozilla/5.0 (Macintosh; Intel Mac OS X 10_12_2) AppleWebKit/537.36 (KHTML, like Gecko) Chrome/57.0.2987.98 Safari/537.36" "-"
165.230.225.158 - - [27/Mar/2017:17:26:36 -0400] "GET /heatmap/ HTTP/1.1" 200 23616 onwardtraffic.com "http://onwardtraffic.com/index.html" "Mozilla/5.0 (Macintosh; Intel Mac OS X 10_12_2) AppleWebKit/537.36 (KHTML, like Gecko) Chrome/57.0.2987.98 Safari/537.36" "-"
165.230.225.158 - - [27/Mar/2017:17:26:39 -0400] "GET /route/ HTTP/1.1" 200 23468 onwardtraffic.com "http://onwardtraffic.com/heatmap/" "Mozilla/5.0 (Macintosh; Intel Mac OS X 10_12_2) AppleWebKit/537.36 (KHTML, like Gecko) Chrome/57.0.2987.98 Safari/537.36" "-"
165.230.225.244 - - [27/Mar/2017:17:26:48 -0400] "GET /route/testform.php HTTP/1.1" 404 1363 onwardtraffic.com "-" "Mozilla/5.0 (Windows NT 6.3; WOW64) AppleWebKit/537.36 (KHTML, like Gecko) Chrome/56.0.2924.87 Safari/537.36" "-"
165.230.225.244 - - [27/Mar/2017:17:26:51 -0400] "GET /route/ HTTP/1.1" 200 23468 onwardtraffic.com "-" "Mozilla/5.0 (Windows NT 6.3; WOW64) AppleWebKit/537.36 (KHTML, like Gecko) Chrome/56.0.2924.87 Safari/537.36" "-"
165.230.225.244 - - [27/Mar/2017:17:26:52 -0400] "GET /route/forecastIndex.php HTTP/1.1" 200 26302 onwardtraffic.com "http://onwardtraffic.com/route/" "Mozilla/5.0 (Windows NT 6.3; WOW64) AppleWebKit/537.36 (KHTML, like Gecko) Chrome/56.0.2924.87 Safari/537.36" "-"
165.230.225.244 - - [27/Mar/2017:17:26:59 -0400] "POST /route/forecastIndex.php HTTP/1.1" 200 29095 onwardtraffic.com "http://onwardtraffic.com/route/forecastIndex.php" "Mozilla/5.0 (Windows NT 6.3; WOW64) AppleWebKit/537.36 (KHTML, like Gecko) Chrome/56.0.2924.87 Safari/537.36" "-"
165.230.224.51 - - [27/Mar/2017:17:27:11 -0400] "GET /heatmap/ HTTP/1.1" 200 23616 onwardtraffic.com "http://onwardtraffic.com/" "Mozilla/5.0 (Macintosh; Intel Mac OS X 10_12_2) AppleWebKit/537.36 (KHTML, like Gecko) Chrome/56.0.2924.87 Safari/537.36" "-"
165.230.224.51 - - [27/Mar/2017:17:27:12 -0400] "GET /img/favicon.png HTTP/1.1" 200 179733 onwardtraffic.com "http://onwardtraffic.com/heatmap/" "Mozilla/5.0 (Macintosh; Intel Mac OS X 10_12_2) AppleWebKit/537.36 (KHTML, like Gecko) Chrome/56.0.2924.87 Safari/537.36" "-"
165.230.224.51 - - [27/Mar/2017:17:27:24 -0400] "GET /heatmap/forecastIndex.php HTTP/1.1" 200 27126 onwardtraffic.com "http://onwardtraffic.com/heatmap/" "Mozilla/5.0 (Macintosh; Intel Mac OS X 10_12_2) AppleWebKit/537.36 (KHTML, like Gecko) Chrome/56.0.2924.87 Safari/537.36" "-"
165.230.225.244 - - [27/Mar/2017:17:27:26 -0400] "GET /route/ HTTP/1.1" 200 23468 onwardtraffic.com "http://onwardtraffic.com/route/forecastIndex.php" "Mozilla/5.0 (Windows NT 6.3; WOW64) AppleWebKit/537.36 (KHTML, like Gecko) Chrome/56.0.2924.87 Safari/537.36" "-"
165.230.225.244 - - [27/Mar/2017:17:27:29 -0400] "GET /route/forecastIndex.php HTTP/1.1" 200 26302 onwardtraffic.com "http://onwardtraffic.com/route/" "Mozilla/5.0 (Windows NT 6.3; WOW64) AppleWebKit/537.36 (KHTML, like Gecko) Chrome/56.0.2924.87 Safari/537.36" "-"
165.230.224.51 - - [27/Mar/2017:17:27:44 -0400] "POST /heatmap/forecastIndex.php HTTP/1.1" 200 28535 onwardtraffic.com "http://onwardtraffic.com/heatmap/forecastIndex.php" "Mozilla/5.0 (Macintosh; Intel Mac OS X 10_12_2) AppleWebKit/537.36 (KHTML, like Gecko) Chrome/56.0.2924.87 Safari/537.36" "-"
165.230.224.51 - - [27/Mar/2017:17:28:06 -0400] "POST /heatmap/forecastIndex.php HTTP/1.1" 200 28535 onwardtraffic.com "http://onwardtraffic.com/heatmap/forecastIndex.php" "Mozilla/5.0 (Macintosh; Intel Mac OS X 10_12_2) AppleWebKit/537.36 (KHTML, like Gecko) Chrome/56.0.2924.87 Safari/537.36" "-"
165.230.224.84 - - [27/Mar/2017:17:29:17 -0400] "GET /php/trafficCollectorTest.php HTTP/1.1" 200 18 onwardtraffic.com "-" "Mozilla/5.0 (Macintosh; Intel Mac OS X 10_11_6) AppleWebKit/537.36 (KHTML, like Gecko) Chrome/56.0.2924.87 Safari/537.36" "-"
165.230.225.244 - - [27/Mar/2017:17:29:29 -0400] "GET /route/forecastIndex.php HTTP/1.1" 200 26293 onwardtraffic.com "http://onwardtraffic.com/route/" "Mozilla/5.0 (Windows NT 6.3; WOW64) AppleWebKit/537.36 (KHTML, like Gecko) Chrome/56.0.2924.87 Safari/537.36" "-"
165.230.225.244 - - [27/Mar/2017:17:29:30 -0400] "GET /img/favicon.png HTTP/1.1" 200 179733 onwardtraffic.com "http://onwardtraffic.com/route/forecastIndex.php" "Mozilla/5.0 (Windows NT 6.3; WOW64) AppleWebKit/537.36 (KHTML, like Gecko) Chrome/56.0.2924.87 Safari/537.36" "-"
165.230.225.244 - - [27/Mar/2017:17:29:32 -0400] "GET /route/ HTTP/1.1" 200 23468 onwardtraffic.com "http://onwardtraffic.com/route/forecastIndex.php" "Mozilla/5.0 (Windows NT 6.3; WOW64) AppleWebKit/537.36 (KHTML, like Gecko) Chrome/56.0.2924.87 Safari/537.36" "-"
165.230.225.244 - - [27/Mar/2017:17:29:34 -0400] "GET /route/forecastIndex.php HTTP/1.1" 200 26293 onwardtraffic.com "http://onwardtraffic.com/route/" "Mozilla/5.0 (Windows NT 6.3; WOW64) AppleWebKit/537.36 (KHTML, like Gecko) Chrome/56.0.2924.87 Safari/537.36" "-"
165.230.225.244 - - [27/Mar/2017:17:30:20 -0400] "GET /route/forecastIndex.php HTTP/1.1" 200 26268 onwardtraffic.com "http://onwardtraffic.com/route/" "Mozilla/5.0 (Windows NT 6.3; WOW64) AppleWebKit/537.36 (KHTML, like Gecko) Chrome/56.0.2924.87 Safari/537.36" "-"
165.230.225.244 - - [27/Mar/2017:17:30:21 -0400] "GET /img/favicon.png HTTP/1.1" 200 179733 onwardtraffic.com "http://onwardtraffic.com/route/forecastIndex.php" "Mozilla/5.0 (Windows NT 6.3; WOW64) AppleWebKit/537.36 (KHTML, like Gecko) Chrome/56.0.2924.87 Safari/537.36" "-"
165.230.225.244 - - [27/Mar/2017:17:30:41 -0400] "POST /route/forecastIndex.php HTTP/1.1" 200 29113 onwardtraffic.com "http://onwardtraffic.com/route/forecastIndex.php" "Mozilla/5.0 (Windows NT 6.3; WOW64) AppleWebKit/537.36 (KHTML, like Gecko) Chrome/56.0.2924.87 Safari/537.36" "-"
165.230.225.244 - - [27/Mar/2017:17:31:30 -0400] "GET /route/ HTTP/1.1" 200 23468 onwardtraffic.com "http://onwardtraffic.com/route/forecastIndex.php" "Mozilla/5.0 (Windows NT 6.3; WOW64) AppleWebKit/537.36 (KHTML, like Gecko) Chrome/56.0.2924.87 Safari/537.36" "-"
165.230.225.244 - - [27/Mar/2017:17:31:32 -0400] "GET /heatmap/ HTTP/1.1" 200 23616 onwardtraffic.com "http://onwardtraffic.com/route/" "Mozilla/5.0 (Windows NT 6.3; WOW64) AppleWebKit/537.36 (KHTML, like Gecko) Chrome/56.0.2924.87 Safari/537.36" "-"
165.230.225.244 - - [27/Mar/2017:17:31:33 -0400] "GET /route/ HTTP/1.1" 200 23468 onwardtraffic.com "http://onwardtraffic.com/heatmap/" "Mozilla/5.0 (Windows NT 6.3; WOW64) AppleWebKit/537.36 (KHTML, like Gecko) Chrome/56.0.2924.87 Safari/537.36" "-"
165.230.225.244 - - [27/Mar/2017:17:31:48 -0400] "POST /route/ HTTP/1.1" 200 26279 onwardtraffic.com "http://onwardtraffic.com/route/" "Mozilla/5.0 (Windows NT 6.3; WOW64) AppleWebKit/537.36 (KHTML, like Gecko) Chrome/56.0.2924.87 Safari/537.36" "-"
165.230.224.51 - - [27/Mar/2017:17:33:53 -0400] "POST /heatmap/forecastIndex.php HTTP/1.1" 200 28652 onwardtraffic.com "http://onwardtraffic.com/heatmap/forecastIndex.php" "Mozilla/5.0 (Macintosh; Intel Mac OS X 10_12_2) AppleWebKit/537.36 (KHTML, like Gecko) Chrome/56.0.2924.87 Safari/537.36" "-"
165.230.224.84 - - [27/Mar/2017:17:35:32 -0400] "GET /php/trafficCollectorTest.php HTTP/1.1" 200 538 onwardtraffic.com "-" "Mozilla/5.0 (Macintosh; Intel Mac OS X 10_11_6) AppleWebKit/537.36 (KHTML, like Gecko) Chrome/56.0.2924.87 Safari/537.36" "-"
165.230.224.51 - - [27/Mar/2017:17:35:40 -0400] "POST /heatmap/forecastIndex.php HTTP/1.1" 200 28626 onwardtraffic.com "http://onwardtraffic.com/heatmap/forecastIndex.php" "Mozilla/5.0 (Macintosh; Intel Mac OS X 10_12_2) AppleWebKit/537.36 (KHTML, like Gecko) Chrome/56.0.2924.87 Safari/537.36" "-"
165.230.224.51 - - [27/Mar/2017:17:35:43 -0400] "GET /img/favicon.png HTTP/1.1" 200 179733 onwardtraffic.com "http://onwardtraffic.com/heatmap/forecastIndex.php" "Mozilla/5.0 (Macintosh; Intel Mac OS X 10_12_2) AppleWebKit/537.36 (KHTML, like Gecko) Chrome/56.0.2924.87 Safari/537.36" "-"
165.230.224.51 - - [27/Mar/2017:17:36:16 -0400] "POST /heatmap/forecastIndex.php HTTP/1.1" 200 28629 onwardtraffic.com "http://onwardtraffic.com/heatmap/forecastIndex.php" "Mozilla/5.0 (Macintosh; Intel Mac OS X 10_12_2) AppleWebKit/537.36 (KHTML, like Gecko) Chrome/56.0.2924.87 Safari/537.36" "-"
165.230.224.51 - - [27/Mar/2017:17:36:37 -0400] "POST /heatmap/forecastIndex.php HTTP/1.1" 200 28610 onwardtraffic.com "http://onwardtraffic.com/heatmap/forecastIndex.php" "Mozilla/5.0 (Macintosh; Intel Mac OS X 10_12_2) AppleWebKit/537.36 (KHTML, like Gecko) Chrome/56.0.2924.87 Safari/537.36" "-"
165.230.224.51 - - [27/Mar/2017:17:36:42 -0400] "POST /heatmap/forecastIndex.php HTTP/1.1" 200 28629 onwardtraffic.com "http://onwardtraffic.com/heatmap/forecastIndex.php" "Mozilla/5.0 (Macintosh; Intel Mac OS X 10_12_2) AppleWebKit/537.36 (KHTML, like Gecko) Chrome/56.0.2924.87 Safari/537.36" "-"
165.230.224.84 - - [27/Mar/2017:17:36:58 -0400] "GET /php/trafficCollectorTest.php HTTP/1.1" 200 22 onwardtraffic.com "-" "Mozilla/5.0 (Macintosh; Intel Mac OS X 10_11_6) AppleWebKit/537.36 (KHTML, like Gecko) Chrome/56.0.2924.87 Safari/537.36" "-"
165.230.224.51 - - [27/Mar/2017:17:37:26 -0400] "POST /heatmap/forecastIndex.php HTTP/1.1" 200 28610 onwardtraffic.com "http://onwardtraffic.com/heatmap/forecastIndex.php" "Mozilla/5.0 (Macintosh; Intel Mac OS X 10_12_2) AppleWebKit/537.36 (KHTML, like Gecko) Chrome/56.0.2924.87 Safari/537.36" "-"
165.230.224.51 - - [27/Mar/2017:17:37:32 -0400] "POST /heatmap/forecastIndex.php HTTP/1.1" 200 28629 onwardtraffic.com "http://onwardtraffic.com/heatmap/forecastIndex.php" "Mozilla/5.0 (Macintosh; Intel Mac OS X 10_12_2) AppleWebKit/537.36 (KHTML, like Gecko) Chrome/56.0.2924.87 Safari/537.36" "-"
165.230.224.84 - - [27/Mar/2017:17:38:15 -0400] "GET /php/trafficCollectorTest.php HTTP/1.1" 200 197 onwardtraffic.com "-" "Mozilla/5.0 (Macintosh; Intel Mac OS X 10_11_6) AppleWebKit/537.36 (KHTML, like Gecko) Chrome/56.0.2924.87 Safari/537.36" "-"
165.230.224.84 - - [27/Mar/2017:17:38:47 -0400] "GET /php/trafficCollectorTest.php HTTP/1.1" 200 149 onwardtraffic.com "-" "Mozilla/5.0 (Macintosh; Intel Mac OS X 10_11_6) AppleWebKit/537.36 (KHTML, like Gecko) Chrome/56.0.2924.87 Safari/537.36" "-"
165.230.224.51 - - [27/Mar/2017:17:40:22 -0400] "POST /heatmap/forecastIndex.php HTTP/1.1" 200 27470 onwardtraffic.com "http://onwardtraffic.com/heatmap/forecastIndex.php" "Mozilla/5.0 (Macintosh; Intel Mac OS X 10_12_2) AppleWebKit/537.36 (KHTML, like Gecko) Chrome/56.0.2924.87 Safari/537.36" "-"
165.230.224.84 - - [27/Mar/2017:17:40:30 -0400] "GET /php/trafficCollectorTest.php HTTP/1.1" 200 22 onwardtraffic.com "-" "Mozilla/5.0 (Macintosh; Intel Mac OS X 10_11_6) AppleWebKit/537.36 (KHTML, like Gecko) Chrome/56.0.2924.87 Safari/537.36" "-"
165.230.224.51 - - [27/Mar/2017:17:40:33 -0400] "POST /heatmap/forecastIndex.php HTTP/1.1" 200 27470 onwardtraffic.com "http://onwardtraffic.com/heatmap/forecastIndex.php" "Mozilla/5.0 (Macintosh; Intel Mac OS X 10_12_2) AppleWebKit/537.36 (KHTML, like Gecko) Chrome/56.0.2924.87 Safari/537.36" "-"
165.230.224.84 - - [27/Mar/2017:17:45:30 -0400] "GET /php/trafficCollectorTest.php HTTP/1.1" 200 538 onwardtraffic.com "-" "Mozilla/5.0 (Macintosh; Intel Mac OS X 10_11_6) AppleWebKit/537.36 (KHTML, like Gecko) Chrome/56.0.2924.87 Safari/537.36" "-"
165.230.225.158 - - [27/Mar/2017:17:45:39 -0400] "GET /index.html HTTP/1.1" 304 - onwardtraffic.com "http://onwardtraffic.com/route/" "Mozilla/5.0 (Macintosh; Intel Mac OS X 10_12_2) AppleWebKit/537.36 (KHTML, like Gecko) Chrome/57.0.2987.98 Safari/537.36" "-"
